the girl is so beautiful
